npm notice run @getpaseo/desktop@0.8.0-beta.1 test:e2e:terminal-command-arrows
npm notice run npm run build:main && node ./e2e/terminal-command-arrows.e2e.mjs --record
npm notice run @getpaseo/desktop@0.8.0-beta.1 build:main
npm notice run tsc -p tsconfig.json
PASS 01-command-before-arrows: {"typed":"echo one two"}
PASS 02-command-left: {"key":"Meta+ArrowLeft","terminalFocused":true}
PASS 02b-command-right-unchanged: {"key":"Meta+ArrowRight","terminalFocused":true}
PASS 02c-command-left-again: {"key":"Meta+ArrowLeft","terminalFocused":true}
PASS 02d-prefix-inserted: {"typed":"PASEO_PREFIX=ok; "}
PASS 03-command-right: {"key":"Meta+ArrowRight","terminalFocused":true}
PASS 03b-suffix-inserted: {"typed":" \"$PASEO_PREFIX\" | tee command-result.txt"}
PASS 04-command-executed: {"output":"one two ok\n"}
PASS 04b-shortcuts-ready: {"focusedPaneId":"workspace-pane-pane_927d6692-ec93-4928-a8c9-59ba02a68fdd"}
PASS 04c-switch-tab-previous: {"selectedTab":"Terminal 2"}
PASS 04d-switch-tab-next: {"selectedTab":"Terminal 3"}
PASS 05-focus-left: {"focusedPaneId":"workspace-pane-main"}
PASS 06-focus-right: {"focusedPaneId":"workspace-pane-pane_927d6692-ec93-4928-a8c9-59ba02a68fdd"}
PASS 07-move-tab-left: {"tabName":"Terminal 3","paneId":"workspace-pane-main"}
PASS 08-move-tab-right: {"tabName":"Terminal 3","paneId":"workspace-pane-pane_927d6692-ec93-4928-a8c9-59ba02a68fdd"}
Recording frames: /tmp/paseo-lappy-terminal-arrows/focus-ready/patched/recording
Run from the recording directory with ffmpeg arguments (JSON array): ["-safe","0","-f","concat","-i","frames.ffconcat","-fps_mode","vfr","-c:v","libx264","-bf","0","-crf","18","-pix_fmt","yuv420p","-vf","pad=ceil(iw/2)*2:ceil(ih/2)*2","-enc_time_base:v","1:1000000","-video_track_timescale","1000000","-x264-params","fps=60/1","-movflags","+faststart","interaction.mp4"]
Evidence: /tmp/paseo-lappy-terminal-arrows/focus-ready/patched
